// Jest Snapshot v1, https://goo.gl/fbAQLP

exports[`should match snapshot for year=2019 1`] = `
[
  {
    "count": 0,
    "date": "2019-01-01",
    "level": 0,
    "x": 0,
    "y": 2,
  },
  {
    "count": 0,
    "date": "2019-01-02",
    "level": 0,
    "x": 0,
    "y": 3,
  },
  {
    "count": 0,
    "date": "2019-01-03",
    "level": 0,
    "x": 0,
    "y": 4,
  },
  {
    "count": 0,
    "date": "2019-01-04",
    "level": 0,
    "x": 0,
    "y": 5,
  },
  {
    "count": 0,
    "date": "2019-01-05",
    "level": 0,
    "x": 0,
    "y": 6,
  },
  {
    "count": 0,
    "date": "2019-01-06",
    "level": 0,
    "x": 1,
    "y": 0,
  },
  {
    "count": 0,
    "date": "2019-01-07",
    "level": 0,
    "x": 1,
    "y": 1,
  },
  {
    "count": 0,
    "date": "2019-01-08",
    "level": 0,
    "x": 1,
    "y": 2,
  },
  {
    "count": 3,
    "date": "2019-01-09",
    "level": 1,
    "x": 1,
    "y": 3,
  },
  {
    "count": 2,
    "date": "2019-01-10",
    "level": 1,
    "x": 1,
    "y": 4,
  },
  {
    "count": 0,
    "date": "2019-01-11",
    "level": 0,
    "x": 1,
    "y": 5,
  },
  {
    "count": 0,
    "date": "2019-01-12",
    "level": 0,
    "x": 1,
    "y": 6,
  },
  {
    "count": 0,
    "date": "2019-01-13",
    "level": 0,
    "x": 2,
    "y": 0,
  },
  {
    "count": 0,
    "date": "2019-01-14",
    "level": 0,
    "x": 2,
    "y": 1,
  },
  {
    "count": 0,
    "date": "2019-01-15",
    "level": 0,
    "x": 2,
    "y": 2,
  },
  {
    "count": 5,
    "date": "2019-01-16",
    "level": 1,
    "x": 2,
    "y": 3,
  },
  {
    "count": 0,
    "date": "2019-01-17",
    "level": 0,
    "x": 2,
    "y": 4,
  },
  {
    "count": 0,
    "date": "2019-01-18",
    "level": 0,
    "x": 2,
    "y": 5,
  },
  {
    "count": 0,
    "date": "2019-01-19",
    "level": 0,
    "x": 2,
    "y": 6,
  },
  {
    "count": 0,
    "date": "2019-01-20",
    "level": 0,
    "x": 3,
    "y": 0,
  },
  {
    "count": 0,
    "date": "2019-01-21",
    "level": 0,
    "x": 3,
    "y": 1,
  },
  {
    "count": 0,
    "date": "2019-01-22",
    "level": 0,
    "x": 3,
    "y": 2,
  },
  {
    "count": 0,
    "date": "2019-01-23",
    "level": 0,
    "x": 3,
    "y": 3,
  },
  {
    "count": 0,
    "date": "2019-01-24",
    "level": 0,
    "x": 3,
    "y": 4,
  },
  {
    "count": 0,
    "date": "2019-01-25",
    "level": 0,
    "x": 3,
    "y": 5,
  },
  {
    "count": 0,
    "date": "2019-01-26",
    "level": 0,
    "x": 3,
    "y": 6,
  },
  {
    "count": 0,
    "date": "2019-01-27",
    "level": 0,
    "x": 4,
    "y": 0,
  },
  {
    "count": 0,
    "date": "2019-01-28",
    "level": 0,
    "x": 4,
    "y": 1,
  },
  {
    "count": 0,
    "date": "2019-01-29",
    "level": 0,
    "x": 4,
    "y": 2,
  },
  {
    "count": 0,
    "date": "2019-01-30",
    "level": 0,
    "x": 4,
    "y": 3,
  },
  {
    "count": 0,
    "date": "2019-01-31",
    "level": 0,
    "x": 4,
    "y": 4,
  },
  {
    "count": 0,
    "date": "2019-02-01",
    "level": 0,
    "x": 4,
    "y": 5,
  },
  {
    "count": 0,
    "date": "2019-02-02",
    "level": 0,
    "x": 4,
    "y": 6,
  },
  {
    "count": 0,
    "date": "2019-02-03",
    "level": 0,
    "x": 5,
    "y": 0,
  },
  {
    "count": 0,
    "date": "2019-02-04",
    "level": 0,
    "x": 5,
    "y": 1,
  },
  {
    "count": 0,
    "date": "2019-02-05",
    "level": 0,
    "x": 5,
    "y": 2,
  },
  {
    "count": 0,
    "date": "2019-02-06",
    "level": 0,
    "x": 5,
    "y": 3,
  },
  {
    "count": 0,
    "date": "2019-02-07",
    "level": 0,
    "x": 5,
    "y": 4,
  },
  {
    "count": 0,
    "date": "2019-02-08",
    "level": 0,
    "x": 5,
    "y": 5,
  },
  {
    "count": 0,
    "date": "2019-02-09",
    "level": 0,
    "x": 5,
    "y": 6,
  },
  {
    "count": 0,
    "date": "2019-02-10",
    "level": 0,
    "x": 6,
    "y": 0,
  },
  {
    "count": 0,
    "date": "2019-02-11",
    "level": 0,
    "x": 6,
    "y": 1,
  },
  {
    "count": 0,
    "date": "2019-02-12",
    "level": 0,
    "x": 6,
    "y": 2,
  },
  {
    "count": 2,
    "date": "2019-02-13",
    "level": 1,
    "x": 6,
    "y": 3,
  },
  {
    "count": 0,
    "date": "2019-02-14",
    "level": 0,
    "x": 6,
    "y": 4,
  },
  {
    "count": 0,
    "date": "2019-02-15",
    "level": 0,
    "x": 6,
    "y": 5,
  },
  {
    "count": 4,
    "date": "2019-02-16",
    "level": 1,
    "x": 6,
    "y": 6,
  },
  {
    "count": 9,
    "date": "2019-02-17",
    "level": 2,
    "x": 7,
    "y": 0,
  },
  {
    "count": 0,
    "date": "2019-02-18",
    "level": 0,
    "x": 7,
    "y": 1,
  },
  {
    "count": 0,
    "date": "2019-02-19",
    "level": 0,
    "x": 7,
    "y": 2,
  },
  {
    "count": 0,
    "date": "2019-02-20",
    "level": 0,
    "x": 7,
    "y": 3,
  },
  {
    "count": 0,
    "date": "2019-02-21",
    "level": 0,
    "x": 7,
    "y": 4,
  },
  {
    "count": 0,
    "date": "2019-02-22",
    "level": 0,
    "x": 7,
    "y": 5,
  },
  {
    "count": 0,
    "date": "2019-02-23",
    "level": 0,
    "x": 7,
    "y": 6,
  },
  {
    "count": 0,
    "date": "2019-02-24",
    "level": 0,
    "x": 8,
    "y": 0,
  },
  {
    "count": 0,
    "date": "2019-02-25",
    "level": 0,
    "x": 8,
    "y": 1,
  },
  {
    "count": 0,
    "date": "2019-02-26",
    "level": 0,
    "x": 8,
    "y": 2,
  },
  {
    "count": 0,
    "date": "2019-02-27",
    "level": 0,
    "x": 8,
    "y": 3,
  },
  {
    "count": 0,
    "date": "2019-02-28",
    "level": 0,
    "x": 8,
    "y": 4,
  },
  {
    "count": 0,
    "date": "2019-03-01",
    "level": 0,
    "x": 8,
    "y": 5,
  },
  {
    "count": 0,
    "date": "2019-03-02",
    "level": 0,
    "x": 8,
    "y": 6,
  },
  {
    "count": 0,
    "date": "2019-03-03",
    "level": 0,
    "x": 9,
    "y": 0,
  },
  {
    "count": 0,
    "date": "2019-03-04",
    "level": 0,
    "x": 9,
    "y": 1,
  },
  {
    "count": 0,
    "date": "2019-03-05",
    "level": 0,
    "x": 9,
    "y": 2,
  },
  {
    "count": 0,
    "date": "2019-03-06",
    "level": 0,
    "x": 9,
    "y": 3,
  },
  {
    "count": 0,
    "date": "2019-03-07",
    "level": 0,
    "x": 9,
    "y": 4,
  },
  {
    "count": 1,
    "date": "2019-03-08",
    "level": 1,
    "x": 9,
    "y": 5,
  },
  {
    "count": 0,
    "date": "2019-03-09",
    "level": 0,
    "x": 9,
    "y": 6,
  },
  {
    "count": 0,
    "date": "2019-03-10",
    "level": 0,
    "x": 10,
    "y": 0,
  },
  {
    "count": 0,
    "date": "2019-03-11",
    "level": 0,
    "x": 10,
    "y": 1,
  },
  {
    "count": 0,
    "date": "2019-03-12",
    "level": 0,
    "x": 10,
    "y": 2,
  },
  {
    "count": 0,
    "date": "2019-03-13",
    "level": 0,
    "x": 10,
    "y": 3,
  },
  {
    "count": 0,
    "date": "2019-03-14",
    "level": 0,
    "x": 10,
    "y": 4,
  },
  {
    "count": 0,
    "date": "2019-03-15",
    "level": 0,
    "x": 10,
    "y": 5,
  },
  {
    "count": 0,
    "date": "2019-03-16",
    "level": 0,
    "x": 10,
    "y": 6,
  },
  {
    "count": 0,
    "date": "2019-03-17",
    "level": 0,
    "x": 11,
    "y": 0,
  },
  {
    "count": 0,
    "date": "2019-03-18",
    "level": 0,
    "x": 11,
    "y": 1,
  },
  {
    "count": 0,
    "date": "2019-03-19",
    "level": 0,
    "x": 11,
    "y": 2,
  },
  {
    "count": 0,
    "date": "2019-03-20",
    "level": 0,
    "x": 11,
    "y": 3,
  },
  {
    "count": 0,
    "date": "2019-03-21",
    "level": 0,
    "x": 11,
    "y": 4,
  },
  {
    "count": 0,
    "date": "2019-03-22",
    "level": 0,
    "x": 11,
    "y": 5,
  },
  {
    "count": 0,
    "date": "2019-03-23",
    "level": 0,
    "x": 11,
    "y": 6,
  },
  {
    "count": 7,
    "date": "2019-03-24",
    "level": 2,
    "x": 12,
    "y": 0,
  },
  {
    "count": 0,
    "date": "2019-03-25",
    "level": 0,
    "x": 12,
    "y": 1,
  },
  {
    "count": 0,
    "date": "2019-03-26",
    "level": 0,
    "x": 12,
    "y": 2,
  },
  {
    "count": 0,
    "date": "2019-03-27",
    "level": 0,
    "x": 12,
    "y": 3,
  },
  {
    "count": 0,
    "date": "2019-03-28",
    "level": 0,
    "x": 12,
    "y": 4,
  },
  {
    "count": 0,
    "date": "2019-03-29",
    "level": 0,
    "x": 12,
    "y": 5,
  },
  {
    "count": 0,
    "date": "2019-03-30",
    "level": 0,
    "x": 12,
    "y": 6,
  },
  {
    "count": 0,
    "date": "2019-03-31",
    "level": 0,
    "x": 13,
    "y": 0,
  },
  {
    "count": 0,
    "date": "2019-04-01",
    "level": 0,
    "x": 13,
    "y": 1,
  },
  {
    "count": 0,
    "date": "2019-04-02",
    "level": 0,
    "x": 13,
    "y": 2,
  },
  {
    "count": 0,
    "date": "2019-04-03",
    "level": 0,
    "x": 13,
    "y": 3,
  },
  {
    "count": 0,
    "date": "2019-04-04",
    "level": 0,
    "x": 13,
    "y": 4,
  },
  {
    "count": 0,
    "date": "2019-04-05",
    "level": 0,
    "x": 13,
    "y": 5,
  },
  {
    "count": 0,
    "date": "2019-04-06",
    "level": 0,
    "x": 13,
    "y": 6,
  },
  {
    "count": 0,
    "date": "2019-04-07",
    "level": 0,
    "x": 14,
    "y": 0,
  },
  {
    "count": 0,
    "date": "2019-04-08",
    "level": 0,
    "x": 14,
    "y": 1,
  },
  {
    "count": 0,
    "date": "2019-04-09",
    "level": 0,
    "x": 14,
    "y": 2,
  },
  {
    "count": 0,
    "date": "2019-04-10",
    "level": 0,
    "x": 14,
    "y": 3,
  },
  {
    "count": 0,
    "date": "2019-04-11",
    "level": 0,
    "x": 14,
    "y": 4,
  },
  {
    "count": 0,
    "date": "2019-04-12",
    "level": 0,
    "x": 14,
    "y": 5,
  },
  {
    "count": 0,
    "date": "2019-04-13",
    "level": 0,
    "x": 14,
    "y": 6,
  },
  {
    "count": 0,
    "date": "2019-04-14",
    "level": 0,
    "x": 15,
    "y": 0,
  },
  {
    "count": 0,
    "date": "2019-04-15",
    "level": 0,
    "x": 15,
    "y": 1,
  },
  {
    "count": 0,
    "date": "2019-04-16",
    "level": 0,
    "x": 15,
    "y": 2,
  },
  {
    "count": 0,
    "date": "2019-04-17",
    "level": 0,
    "x": 15,
    "y": 3,
  },
  {
    "count": 0,
    "date": "2019-04-18",
    "level": 0,
    "x": 15,
    "y": 4,
  },
  {
    "count": 0,
    "date": "2019-04-19",
    "level": 0,
    "x": 15,
    "y": 5,
  },
  {
    "count": 0,
    "date": "2019-04-20",
    "level": 0,
    "x": 15,
    "y": 6,
  },
  {
    "count": 0,
    "date": "2019-04-21",
    "level": 0,
    "x": 16,
    "y": 0,
  },
  {
    "count": 0,
    "date": "2019-04-22",
    "level": 0,
    "x": 16,
    "y": 1,
  },
  {
    "count": 0,
    "date": "2019-04-23",
    "level": 0,
    "x": 16,
    "y": 2,
  },
  {
    "count": 1,
    "date": "2019-04-24",
    "level": 1,
    "x": 16,
    "y": 3,
  },
  {
    "count": 1,
    "date": "2019-04-25",
    "level": 1,
    "x": 16,
    "y": 4,
  },
  {
    "count": 0,
    "date": "2019-04-26",
    "level": 0,
    "x": 16,
    "y": 5,
  },
  {
    "count": 0,
    "date": "2019-04-27",
    "level": 0,
    "x": 16,
    "y": 6,
  },
  {
    "count": 0,
    "date": "2019-04-28",
    "level": 0,
    "x": 17,
    "y": 0,
  },
  {
    "count": 1,
    "date": "2019-04-29",
    "level": 1,
    "x": 17,
    "y": 1,
  },
  {
    "count": 0,
    "date": "2019-04-30",
    "level": 0,
    "x": 17,
    "y": 2,
  },
  {
    "count": 0,
    "date": "2019-05-01",
    "level": 0,
    "x": 17,
    "y": 3,
  },
  {
    "count": 0,
    "date": "2019-05-02",
    "level": 0,
    "x": 17,
    "y": 4,
  },
  {
    "count": 1,
    "date": "2019-05-03",
    "level": 1,
    "x": 17,
    "y": 5,
  },
  {
    "count": 0,
    "date": "2019-05-04",
    "level": 0,
    "x": 17,
    "y": 6,
  },
  {
    "count": 1,
    "date": "2019-05-05",
    "level": 1,
    "x": 18,
    "y": 0,
  },
  {
    "count": 0,
    "date": "2019-05-06",
    "level": 0,
    "x": 18,
    "y": 1,
  },
  {
    "count": 0,
    "date": "2019-05-07",
    "level": 0,
    "x": 18,
    "y": 2,
  },
  {
    "count": 0,
    "date": "2019-05-08",
    "level": 0,
    "x": 18,
    "y": 3,
  },
  {
    "count": 0,
    "date": "2019-05-09",
    "level": 0,
    "x": 18,
    "y": 4,
  },
  {
    "count": 0,
    "date": "2019-05-10",
    "level": 0,
    "x": 18,
    "y": 5,
  },
  {
    "count": 0,
    "date": "2019-05-11",
    "level": 0,
    "x": 18,
    "y": 6,
  },
  {
    "count": 5,
    "date": "2019-05-12",
    "level": 1,
    "x": 19,
    "y": 0,
  },
  {
    "count": 0,
    "date": "2019-05-13",
    "level": 0,
    "x": 19,
    "y": 1,
  },
  {
    "count": 0,
    "date": "2019-05-14",
    "level": 0,
    "x": 19,
    "y": 2,
  },
  {
    "count": 0,
    "date": "2019-05-15",
    "level": 0,
    "x": 19,
    "y": 3,
  },
  {
    "count": 1,
    "date": "2019-05-16",
    "level": 1,
    "x": 19,
    "y": 4,
  },
  {
    "count": 1,
    "date": "2019-05-17",
    "level": 1,
    "x": 19,
    "y": 5,
  },
  {
    "count": 3,
    "date": "2019-05-18",
    "level": 1,
    "x": 19,
    "y": 6,
  },
  {
    "count": 0,
    "date": "2019-05-19",
    "level": 0,
    "x": 20,
    "y": 0,
  },
  {
    "count": 0,
    "date": "2019-05-20",
    "level": 0,
    "x": 20,
    "y": 1,
  },
  {
    "count": 2,
    "date": "2019-05-21",
    "level": 1,
    "x": 20,
    "y": 2,
  },
  {
    "count": 0,
    "date": "2019-05-22",
    "level": 0,
    "x": 20,
    "y": 3,
  },
  {
    "count": 0,
    "date": "2019-05-23",
    "level": 0,
    "x": 20,
    "y": 4,
  },
  {
    "count": 1,
    "date": "2019-05-24",
    "level": 1,
    "x": 20,
    "y": 5,
  },
  {
    "count": 0,
    "date": "2019-05-25",
    "level": 0,
    "x": 20,
    "y": 6,
  },
  {
    "count": 0,
    "date": "2019-05-26",
    "level": 0,
    "x": 21,
    "y": 0,
  },
  {
    "count": 0,
    "date": "2019-05-27",
    "level": 0,
    "x": 21,
    "y": 1,
  },
  {
    "count": 0,
    "date": "2019-05-28",
    "level": 0,
    "x": 21,
    "y": 2,
  },
  {
    "count": 0,
    "date": "2019-05-29",
    "level": 0,
    "x": 21,
    "y": 3,
  },
  {
    "count": 0,
    "date": "2019-05-30",
    "level": 0,
    "x": 21,
    "y": 4,
  },
  {
    "count": 1,
    "date": "2019-05-31",
    "level": 1,
    "x": 21,
    "y": 5,
  },
  {
    "count": 0,
    "date": "2019-06-01",
    "level": 0,
    "x": 21,
    "y": 6,
  },
  {
    "count": 0,
    "date": "2019-06-02",
    "level": 0,
    "x": 22,
    "y": 0,
  },
  {
    "count": 0,
    "date": "2019-06-03",
    "level": 0,
    "x": 22,
    "y": 1,
  },
  {
    "count": 0,
    "date": "2019-06-04",
    "level": 0,
    "x": 22,
    "y": 2,
  },
  {
    "count": 0,
    "date": "2019-06-05",
    "level": 0,
    "x": 22,
    "y": 3,
  },
  {
    "count": 0,
    "date": "2019-06-06",
    "level": 0,
    "x": 22,
    "y": 4,
  },
  {
    "count": 0,
    "date": "2019-06-07",
    "level": 0,
    "x": 22,
    "y": 5,
  },
  {
    "count": 0,
    "date": "2019-06-08",
    "level": 0,
    "x": 22,
    "y": 6,
  },
  {
    "count": 0,
    "date": "2019-06-09",
    "level": 0,
    "x": 23,
    "y": 0,
  },
  {
    "count": 0,
    "date": "2019-06-10",
    "level": 0,
    "x": 23,
    "y": 1,
  },
  {
    "count": 0,
    "date": "2019-06-11",
    "level": 0,
    "x": 23,
    "y": 2,
  },
  {
    "count": 0,
    "date": "2019-06-12",
    "level": 0,
    "x": 23,
    "y": 3,
  },
  {
    "count": 1,
    "date": "2019-06-13",
    "level": 1,
    "x": 23,
    "y": 4,
  },
  {
    "count": 1,
    "date": "2019-06-14",
    "level": 1,
    "x": 23,
    "y": 5,
  },
  {
    "count": 0,
    "date": "2019-06-15",
    "level": 0,
    "x": 23,
    "y": 6,
  },
  {
    "count": 0,
    "date": "2019-06-16",
    "level": 0,
    "x": 24,
    "y": 0,
  },
  {
    "count": 0,
    "date": "2019-06-17",
    "level": 0,
    "x": 24,
    "y": 1,
  },
  {
    "count": 1,
    "date": "2019-06-18",
    "level": 1,
    "x": 24,
    "y": 2,
  },
  {
    "count": 0,
    "date": "2019-06-19",
    "level": 0,
    "x": 24,
    "y": 3,
  },
  {
    "count": 0,
    "date": "2019-06-20",
    "level": 0,
    "x": 24,
    "y": 4,
  },
  {
    "count": 0,
    "date": "2019-06-21",
    "level": 0,
    "x": 24,
    "y": 5,
  },
  {
    "count": 0,
    "date": "2019-06-22",
    "level": 0,
    "x": 24,
    "y": 6,
  },
  {
    "count": 6,
    "date": "2019-06-23",
    "level": 1,
    "x": 25,
    "y": 0,
  },
  {
    "count": 0,
    "date": "2019-06-24",
    "level": 0,
    "x": 25,
    "y": 1,
  },
  {
    "count": 0,
    "date": "2019-06-25",
    "level": 0,
    "x": 25,
    "y": 2,
  },
  {
    "count": 0,
    "date": "2019-06-26",
    "level": 0,
    "x": 25,
    "y": 3,
  },
  {
    "count": 0,
    "date": "2019-06-27",
    "level": 0,
    "x": 25,
    "y": 4,
  },
  {
    "count": 0,
    "date": "2019-06-28",
    "level": 0,
    "x": 25,
    "y": 5,
  },
  {
    "count": 1,
    "date": "2019-06-29",
    "level": 1,
    "x": 25,
    "y": 6,
  },
  {
    "count": 1,
    "date": "2019-06-30",
    "level": 1,
    "x": 26,
    "y": 0,
  },
  {
    "count": 0,
    "date": "2019-07-01",
    "level": 0,
    "x": 26,
    "y": 1,
  },
  {
    "count": 6,
    "date": "2019-07-02",
    "level": 1,
    "x": 26,
    "y": 2,
  },
  {
    "count": 3,
    "date": "2019-07-03",
    "level": 1,
    "x": 26,
    "y": 3,
  },
  {
    "count": 0,
    "date": "2019-07-04",
    "level": 0,
    "x": 26,
    "y": 4,
  },
  {
    "count": 0,
    "date": "2019-07-05",
    "level": 0,
    "x": 26,
    "y": 5,
  },
  {
    "count": 0,
    "date": "2019-07-06",
    "level": 0,
    "x": 26,
    "y": 6,
  },
  {
    "count": 0,
    "date": "2019-07-07",
    "level": 0,
    "x": 27,
    "y": 0,
  },
  {
    "count": 0,
    "date": "2019-07-08",
    "level": 0,
    "x": 27,
    "y": 1,
  },
  {
    "count": 0,
    "date": "2019-07-09",
    "level": 0,
    "x": 27,
    "y": 2,
  },
  {
    "count": 0,
    "date": "2019-07-10",
    "level": 0,
    "x": 27,
    "y": 3,
  },
  {
    "count": 3,
    "date": "2019-07-11",
    "level": 1,
    "x": 27,
    "y": 4,
  },
  {
    "count": 0,
    "date": "2019-07-12",
    "level": 0,
    "x": 27,
    "y": 5,
  },
  {
    "count": 0,
    "date": "2019-07-13",
    "level": 0,
    "x": 27,
    "y": 6,
  },
  {
    "count": 0,
    "date": "2019-07-14",
    "level": 0,
    "x": 28,
    "y": 0,
  },
  {
    "count": 0,
    "date": "2019-07-15",
    "level": 0,
    "x": 28,
    "y": 1,
  },
  {
    "count": 0,
    "date": "2019-07-16",
    "level": 0,
    "x": 28,
    "y": 2,
  },
  {
    "count": 7,
    "date": "2019-07-17",
    "level": 2,
    "x": 28,
    "y": 3,
  },
  {
    "count": 8,
    "date": "2019-07-18",
    "level": 2,
    "x": 28,
    "y": 4,
  },
  {
    "count": 15,
    "date": "2019-07-19",
    "level": 3,
    "x": 28,
    "y": 5,
  },
  {
    "count": 0,
    "date": "2019-07-20",
    "level": 0,
    "x": 28,
    "y": 6,
  },
  {
    "count": 0,
    "date": "2019-07-21",
    "level": 0,
    "x": 29,
    "y": 0,
  },
  {
    "count": 0,
    "date": "2019-07-22",
    "level": 0,
    "x": 29,
    "y": 1,
  },
  {
    "count": 23,
    "date": "2019-07-23",
    "level": 4,
    "x": 29,
    "y": 2,
  },
  {
    "count": 65,
    "date": "2019-07-24",
    "level": 4,
    "x": 29,
    "y": 3,
  },
  {
    "count": 16,
    "date": "2019-07-25",
    "level": 3,
    "x": 29,
    "y": 4,
  },
  {
    "count": 7,
    "date": "2019-07-26",
    "level": 2,
    "x": 29,
    "y": 5,
  },
  {
    "count": 0,
    "date": "2019-07-27",
    "level": 0,
    "x": 29,
    "y": 6,
  },
  {
    "count": 6,
    "date": "2019-07-28",
    "level": 1,
    "x": 30,
    "y": 0,
  },
  {
    "count": 4,
    "date": "2019-07-29",
    "level": 1,
    "x": 30,
    "y": 1,
  },
  {
    "count": 10,
    "date": "2019-07-30",
    "level": 2,
    "x": 30,
    "y": 2,
  },
  {
    "count": 0,
    "date": "2019-07-31",
    "level": 0,
    "x": 30,
    "y": 3,
  },
  {
    "count": 2,
    "date": "2019-08-01",
    "level": 1,
    "x": 30,
    "y": 4,
  },
  {
    "count": 5,
    "date": "2019-08-02",
    "level": 1,
    "x": 30,
    "y": 5,
  },
  {
    "count": 1,
    "date": "2019-08-03",
    "level": 1,
    "x": 30,
    "y": 6,
  },
  {
    "count": 0,
    "date": "2019-08-04",
    "level": 0,
    "x": 31,
    "y": 0,
  },
  {
    "count": 0,
    "date": "2019-08-05",
    "level": 0,
    "x": 31,
    "y": 1,
  },
  {
    "count": 0,
    "date": "2019-08-06",
    "level": 0,
    "x": 31,
    "y": 2,
  },
  {
    "count": 0,
    "date": "2019-08-07",
    "level": 0,
    "x": 31,
    "y": 3,
  },
  {
    "count": 0,
    "date": "2019-08-08",
    "level": 0,
    "x": 31,
    "y": 4,
  },
  {
    "count": 7,
    "date": "2019-08-09",
    "level": 2,
    "x": 31,
    "y": 5,
  },
  {
    "count": 0,
    "date": "2019-08-10",
    "level": 0,
    "x": 31,
    "y": 6,
  },
  {
    "count": 0,
    "date": "2019-08-11",
    "level": 0,
    "x": 32,
    "y": 0,
  },
  {
    "count": 10,
    "date": "2019-08-12",
    "level": 2,
    "x": 32,
    "y": 1,
  },
  {
    "count": 12,
    "date": "2019-08-13",
    "level": 2,
    "x": 32,
    "y": 2,
  },
  {
    "count": 10,
    "date": "2019-08-14",
    "level": 2,
    "x": 32,
    "y": 3,
  },
  {
    "count": 0,
    "date": "2019-08-15",
    "level": 0,
    "x": 32,
    "y": 4,
  },
  {
    "count": 3,
    "date": "2019-08-16",
    "level": 1,
    "x": 32,
    "y": 5,
  },
  {
    "count": 0,
    "date": "2019-08-17",
    "level": 0,
    "x": 32,
    "y": 6,
  },
  {
    "count": 2,
    "date": "2019-08-18",
    "level": 1,
    "x": 33,
    "y": 0,
  },
  {
    "count": 12,
    "date": "2019-08-19",
    "level": 2,
    "x": 33,
    "y": 1,
  },
  {
    "count": 22,
    "date": "2019-08-20",
    "level": 4,
    "x": 33,
    "y": 2,
  },
  {
    "count": 9,
    "date": "2019-08-21",
    "level": 2,
    "x": 33,
    "y": 3,
  },
  {
    "count": 16,
    "date": "2019-08-22",
    "level": 3,
    "x": 33,
    "y": 4,
  },
  {
    "count": 65,
    "date": "2019-08-23",
    "level": 4,
    "x": 33,
    "y": 5,
  },
  {
    "count": 3,
    "date": "2019-08-24",
    "level": 1,
    "x": 33,
    "y": 6,
  },
  {
    "count": 5,
    "date": "2019-08-25",
    "level": 1,
    "x": 34,
    "y": 0,
  },
  {
    "count": 10,
    "date": "2019-08-26",
    "level": 2,
    "x": 34,
    "y": 1,
  },
  {
    "count": 8,
    "date": "2019-08-27",
    "level": 2,
    "x": 34,
    "y": 2,
  },
  {
    "count": 6,
    "date": "2019-08-28",
    "level": 1,
    "x": 34,
    "y": 3,
  },
  {
    "count": 3,
    "date": "2019-08-29",
    "level": 1,
    "x": 34,
    "y": 4,
  },
  {
    "count": 0,
    "date": "2019-08-30",
    "level": 0,
    "x": 34,
    "y": 5,
  },
  {
    "count": 3,
    "date": "2019-08-31",
    "level": 1,
    "x": 34,
    "y": 6,
  },
  {
    "count": 0,
    "date": "2019-09-01",
    "level": 0,
    "x": 35,
    "y": 0,
  },
  {
    "count": 8,
    "date": "2019-09-02",
    "level": 2,
    "x": 35,
    "y": 1,
  },
  {
    "count": 7,
    "date": "2019-09-03",
    "level": 2,
    "x": 35,
    "y": 2,
  },
  {
    "count": 5,
    "date": "2019-09-04",
    "level": 1,
    "x": 35,
    "y": 3,
  },
  {
    "count": 24,
    "date": "2019-09-05",
    "level": 4,
    "x": 35,
    "y": 4,
  },
  {
    "count": 6,
    "date": "2019-09-06",
    "level": 1,
    "x": 35,
    "y": 5,
  },
  {
    "count": 0,
    "date": "2019-09-07",
    "level": 0,
    "x": 35,
    "y": 6,
  },
  {
    "count": 0,
    "date": "2019-09-08",
    "level": 0,
    "x": 36,
    "y": 0,
  },
  {
    "count": 0,
    "date": "2019-09-09",
    "level": 0,
    "x": 36,
    "y": 1,
  },
  {
    "count": 2,
    "date": "2019-09-10",
    "level": 1,
    "x": 36,
    "y": 2,
  },
  {
    "count": 0,
    "date": "2019-09-11",
    "level": 0,
    "x": 36,
    "y": 3,
  },
  {
    "count": 14,
    "date": "2019-09-12",
    "level": 3,
    "x": 36,
    "y": 4,
  },
  {
    "count": 2,
    "date": "2019-09-13",
    "level": 1,
    "x": 36,
    "y": 5,
  },
  {
    "count": 6,
    "date": "2019-09-14",
    "level": 1,
    "x": 36,
    "y": 6,
  },
  {
    "count": 0,
    "date": "2019-09-15",
    "level": 0,
    "x": 37,
    "y": 0,
  },
  {
    "count": 2,
    "date": "2019-09-16",
    "level": 1,
    "x": 37,
    "y": 1,
  },
  {
    "count": 9,
    "date": "2019-09-17",
    "level": 2,
    "x": 37,
    "y": 2,
  },
  {
    "count": 12,
    "date": "2019-09-18",
    "level": 2,
    "x": 37,
    "y": 3,
  },
  {
    "count": 7,
    "date": "2019-09-19",
    "level": 2,
    "x": 37,
    "y": 4,
  },
  {
    "count": 15,
    "date": "2019-09-20",
    "level": 3,
    "x": 37,
    "y": 5,
  },
  {
    "count": 0,
    "date": "2019-09-21",
    "level": 0,
    "x": 37,
    "y": 6,
  },
  {
    "count": 0,
    "date": "2019-09-22",
    "level": 0,
    "x": 38,
    "y": 0,
  },
  {
    "count": 3,
    "date": "2019-09-23",
    "level": 1,
    "x": 38,
    "y": 1,
  },
  {
    "count": 22,
    "date": "2019-09-24",
    "level": 4,
    "x": 38,
    "y": 2,
  },
  {
    "count": 9,
    "date": "2019-09-25",
    "level": 2,
    "x": 38,
    "y": 3,
  },
  {
    "count": 1,
    "date": "2019-09-26",
    "level": 1,
    "x": 38,
    "y": 4,
  },
  {
    "count": 0,
    "date": "2019-09-27",
    "level": 0,
    "x": 38,
    "y": 5,
  },
  {
    "count": 0,
    "date": "2019-09-28",
    "level": 0,
    "x": 38,
    "y": 6,
  },
  {
    "count": 0,
    "date": "2019-09-29",
    "level": 0,
    "x": 39,
    "y": 0,
  },
  {
    "count": 0,
    "date": "2019-09-30",
    "level": 0,
    "x": 39,
    "y": 1,
  },
  {
    "count": 0,
    "date": "2019-10-01",
    "level": 0,
    "x": 39,
    "y": 2,
  },
  {
    "count": 6,
    "date": "2019-10-02",
    "level": 1,
    "x": 39,
    "y": 3,
  },
  {
    "count": 8,
    "date": "2019-10-03",
    "level": 2,
    "x": 39,
    "y": 4,
  },
  {
    "count": 1,
    "date": "2019-10-04",
    "level": 1,
    "x": 39,
    "y": 5,
  },
  {
    "count": 0,
    "date": "2019-10-05",
    "level": 0,
    "x": 39,
    "y": 6,
  },
  {
    "count": 0,
    "date": "2019-10-06",
    "level": 0,
    "x": 40,
    "y": 0,
  },
  {
    "count": 5,
    "date": "2019-10-07",
    "level": 1,
    "x": 40,
    "y": 1,
  },
  {
    "count": 1,
    "date": "2019-10-08",
    "level": 1,
    "x": 40,
    "y": 2,
  },
  {
    "count": 4,
    "date": "2019-10-09",
    "level": 1,
    "x": 40,
    "y": 3,
  },
  {
    "count": 18,
    "date": "2019-10-10",
    "level": 3,
    "x": 40,
    "y": 4,
  },
  {
    "count": 13,
    "date": "2019-10-11",
    "level": 3,
    "x": 40,
    "y": 5,
  },
  {
    "count": 0,
    "date": "2019-10-12",
    "level": 0,
    "x": 40,
    "y": 6,
  },
  {
    "count": 0,
    "date": "2019-10-13",
    "level": 0,
    "x": 41,
    "y": 0,
  },
  {
    "count": 8,
    "date": "2019-10-14",
    "level": 2,
    "x": 41,
    "y": 1,
  },
  {
    "count": 7,
    "date": "2019-10-15",
    "level": 2,
    "x": 41,
    "y": 2,
  },
  {
    "count": 4,
    "date": "2019-10-16",
    "level": 1,
    "x": 41,
    "y": 3,
  },
  {
    "count": 2,
    "date": "2019-10-17",
    "level": 1,
    "x": 41,
    "y": 4,
  },
  {
    "count": 13,
    "date": "2019-10-18",
    "level": 3,
    "x": 41,
    "y": 5,
  },
  {
    "count": 5,
    "date": "2019-10-19",
    "level": 1,
    "x": 41,
    "y": 6,
  },
  {
    "count": 0,
    "date": "2019-10-20",
    "level": 0,
    "x": 42,
    "y": 0,
  },
  {
    "count": 7,
    "date": "2019-10-21",
    "level": 2,
    "x": 42,
    "y": 1,
  },
  {
    "count": 8,
    "date": "2019-10-22",
    "level": 2,
    "x": 42,
    "y": 2,
  },
  {
    "count": 11,
    "date": "2019-10-23",
    "level": 2,
    "x": 42,
    "y": 3,
  },
  {
    "count": 13,
    "date": "2019-10-24",
    "level": 3,
    "x": 42,
    "y": 4,
  },
  {
    "count": 6,
    "date": "2019-10-25",
    "level": 1,
    "x": 42,
    "y": 5,
  },
  {
    "count": 0,
    "date": "2019-10-26",
    "level": 0,
    "x": 42,
    "y": 6,
  },
  {
    "count": 0,
    "date": "2019-10-27",
    "level": 0,
    "x": 43,
    "y": 0,
  },
  {
    "count": 4,
    "date": "2019-10-28",
    "level": 1,
    "x": 43,
    "y": 1,
  },
  {
    "count": 1,
    "date": "2019-10-29",
    "level": 1,
    "x": 43,
    "y": 2,
  },
  {
    "count": 1,
    "date": "2019-10-30",
    "level": 1,
    "x": 43,
    "y": 3,
  },
  {
    "count": 3,
    "date": "2019-10-31",
    "level": 1,
    "x": 43,
    "y": 4,
  },
  {
    "count": 0,
    "date": "2019-11-01",
    "level": 0,
    "x": 43,
    "y": 5,
  },
  {
    "count": 2,
    "date": "2019-11-02",
    "level": 1,
    "x": 43,
    "y": 6,
  },
  {
    "count": 0,
    "date": "2019-11-03",
    "level": 0,
    "x": 44,
    "y": 0,
  },
  {
    "count": 8,
    "date": "2019-11-04",
    "level": 2,
    "x": 44,
    "y": 1,
  },
  {
    "count": 9,
    "date": "2019-11-05",
    "level": 2,
    "x": 44,
    "y": 2,
  },
  {
    "count": 24,
    "date": "2019-11-06",
    "level": 4,
    "x": 44,
    "y": 3,
  },
  {
    "count": 13,
    "date": "2019-11-07",
    "level": 3,
    "x": 44,
    "y": 4,
  },
  {
    "count": 0,
    "date": "2019-11-08",
    "level": 0,
    "x": 44,
    "y": 5,
  },
  {
    "count": 3,
    "date": "2019-11-09",
    "level": 1,
    "x": 44,
    "y": 6,
  },
  {
    "count": 0,
    "date": "2019-11-10",
    "level": 0,
    "x": 45,
    "y": 0,
  },
  {
    "count": 9,
    "date": "2019-11-11",
    "level": 2,
    "x": 45,
    "y": 1,
  },
  {
    "count": 9,
    "date": "2019-11-12",
    "level": 2,
    "x": 45,
    "y": 2,
  },
  {
    "count": 4,
    "date": "2019-11-13",
    "level": 1,
    "x": 45,
    "y": 3,
  },
  {
    "count": 0,
    "date": "2019-11-14",
    "level": 0,
    "x": 45,
    "y": 4,
  },
  {
    "count": 2,
    "date": "2019-11-15",
    "level": 1,
    "x": 45,
    "y": 5,
  },
  {
    "count": 0,
    "date": "2019-11-16",
    "level": 0,
    "x": 45,
    "y": 6,
  },
  {
    "count": 0,
    "date": "2019-11-17",
    "level": 0,
    "x": 46,
    "y": 0,
  },
  {
    "count": 8,
    "date": "2019-11-18",
    "level": 2,
    "x": 46,
    "y": 1,
  },
  {
    "count": 8,
    "date": "2019-11-19",
    "level": 2,
    "x": 46,
    "y": 2,
  },
  {
    "count": 1,
    "date": "2019-11-20",
    "level": 1,
    "x": 46,
    "y": 3,
  },
  {
    "count": 6,
    "date": "2019-11-21",
    "level": 1,
    "x": 46,
    "y": 4,
  },
  {
    "count": 10,
    "date": "2019-11-22",
    "level": 2,
    "x": 46,
    "y": 5,
  },
  {
    "count": 2,
    "date": "2019-11-23",
    "level": 1,
    "x": 46,
    "y": 6,
  },
  {
    "count": 0,
    "date": "2019-11-24",
    "level": 0,
    "x": 47,
    "y": 0,
  },
  {
    "count": 0,
    "date": "2019-11-25",
    "level": 0,
    "x": 47,
    "y": 1,
  },
  {
    "count": 1,
    "date": "2019-11-26",
    "level": 1,
    "x": 47,
    "y": 2,
  },
  {
    "count": 1,
    "date": "2019-11-27",
    "level": 1,
    "x": 47,
    "y": 3,
  },
  {
    "count": 0,
    "date": "2019-11-28",
    "level": 0,
    "x": 47,
    "y": 4,
  },
  {
    "count": 0,
    "date": "2019-11-29",
    "level": 0,
    "x": 47,
    "y": 5,
  },
  {
    "count": 2,
    "date": "2019-11-30",
    "level": 1,
    "x": 47,
    "y": 6,
  },
  {
    "count": 3,
    "date": "2019-12-01",
    "level": 1,
    "x": 48,
    "y": 0,
  },
  {
    "count": 3,
    "date": "2019-12-02",
    "level": 1,
    "x": 48,
    "y": 1,
  },
  {
    "count": 3,
    "date": "2019-12-03",
    "level": 1,
    "x": 48,
    "y": 2,
  },
  {
    "count": 21,
    "date": "2019-12-04",
    "level": 4,
    "x": 48,
    "y": 3,
  },
  {
    "count": 21,
    "date": "2019-12-05",
    "level": 4,
    "x": 48,
    "y": 4,
  },
  {
    "count": 1,
    "date": "2019-12-06",
    "level": 1,
    "x": 48,
    "y": 5,
  },
  {
    "count": 1,
    "date": "2019-12-07",
    "level": 1,
    "x": 48,
    "y": 6,
  },
  {
    "count": 12,
    "date": "2019-12-08",
    "level": 2,
    "x": 49,
    "y": 0,
  },
  {
    "count": 20,
    "date": "2019-12-09",
    "level": 4,
    "x": 49,
    "y": 1,
  },
  {
    "count": 0,
    "date": "2019-12-10",
    "level": 0,
    "x": 49,
    "y": 2,
  },
  {
    "count": 20,
    "date": "2019-12-11",
    "level": 4,
    "x": 49,
    "y": 3,
  },
  {
    "count": 0,
    "date": "2019-12-12",
    "level": 0,
    "x": 49,
    "y": 4,
  },
  {
    "count": 0,
    "date": "2019-12-13",
    "level": 0,
    "x": 49,
    "y": 5,
  },
  {
    "count": 0,
    "date": "2019-12-14",
    "level": 0,
    "x": 49,
    "y": 6,
  },
  {
    "count": 1,
    "date": "2019-12-15",
    "level": 1,
    "x": 50,
    "y": 0,
  },
  {
    "count": 0,
    "date": "2019-12-16",
    "level": 0,
    "x": 50,
    "y": 1,
  },
  {
    "count": 0,
    "date": "2019-12-17",
    "level": 0,
    "x": 50,
    "y": 2,
  },
  {
    "count": 1,
    "date": "2019-12-18",
    "level": 1,
    "x": 50,
    "y": 3,
  },
  {
    "count": 0,
    "date": "2019-12-19",
    "level": 0,
    "x": 50,
    "y": 4,
  },
  {
    "count": 0,
    "date": "2019-12-20",
    "level": 0,
    "x": 50,
    "y": 5,
  },
  {
    "count": 0,
    "date": "2019-12-21",
    "level": 0,
    "x": 50,
    "y": 6,
  },
  {
    "count": 0,
    "date": "2019-12-22",
    "level": 0,
    "x": 51,
    "y": 0,
  },
  {
    "count": 0,
    "date": "2019-12-23",
    "level": 0,
    "x": 51,
    "y": 1,
  },
  {
    "count": 0,
    "date": "2019-12-24",
    "level": 0,
    "x": 51,
    "y": 2,
  },
  {
    "count": 0,
    "date": "2019-12-25",
    "level": 0,
    "x": 51,
    "y": 3,
  },
  {
    "count": 0,
    "date": "2019-12-26",
    "level": 0,
    "x": 51,
    "y": 4,
  },
  {
    "count": 2,
    "date": "2019-12-27",
    "level": 1,
    "x": 51,
    "y": 5,
  },
  {
    "count": 0,
    "date": "2019-12-28",
    "level": 0,
    "x": 51,
    "y": 6,
  },
  {
    "count": 0,
    "date": "2019-12-29",
    "level": 0,
    "x": 52,
    "y": 0,
  },
  {
    "count": 2,
    "date": "2019-12-30",
    "level": 1,
    "x": 52,
    "y": 1,
  },
  {
    "count": 0,
    "date": "2019-12-31",
    "level": 0,
    "x": 52,
    "y": 2,
  },
]
`;
